// Jest Snapshot v1, https://goo.gl/fbAQLP

exports[`rendering renders correctly mandatory props only 1`] = `
<div
  className="root"
>
  text
</div>
`;
