// Jest Snapshot v1, https://goo.gl/fbAQLP

exports[`rendering renders correctly mandatory props only 1`] = `
<div
  className="root"
>
  <h2
    className="title"
  >
    Element
  </h2>
  <div
    className="sandbox"
  >
    <div>
      Element
    </div>
  </div>
</div>
`;
