// Jest Snapshot v1, https://goo.gl/fbAQLP

exports[`rendering renders correctly mandatory props only 1`] = `
<div>
  <h3>
    Element
  </h3>
  <div>
    <div>
      Element
    </div>
  </div>
</div>
`;
